<?php return array (
  0 => 'Symfony\\Bundle\\FrameworkBundle\\Controller\\AbstractController',
  1 => 'App\\Controller\\AccueilController',
  2 => 'App\\Controller\\AproposController',
  3 => 'App\\Controller\\ArticlesController',
  4 => 'App\\Controller\\AuteurController',
  5 => 'App\\Controller\\BlogController',
  6 => 'App\\Controller\\ContactController',
  7 => 'App\\Controller\\FrontendController',
  8 => 'App\\Controller\\PostController',
  10 => 'Symfony\\Bundle\\FrameworkBundle\\Controller\\ControllerResolver',
  11 => 'Symfony\\Bundle\\FrameworkBundle\\Controller\\RedirectController',
  12 => 'Symfony\\Bundle\\FrameworkBundle\\Controller\\TemplateController',
  13 => 'Symfony\\Component\\HttpKernel\\Controller\\ArgumentResolver',
  14 => 'Symfony\\Component\\HttpKernel\\Controller\\ArgumentResolverInterface',
  15 => 'Symfony\\Component\\HttpKernel\\Controller\\ArgumentResolver\\DefaultValueResolver',
  16 => 'Symfony\\Component\\HttpKernel\\Controller\\ArgumentResolver\\NotTaggedControllerValueResolver',
  17 => 'Symfony\\Component\\HttpKernel\\Controller\\ArgumentResolver\\RequestAttributeValueResolver',
  18 => 'Symfony\\Component\\HttpKernel\\Controller\\ArgumentResolver\\RequestValueResolver',
  19 => 'Symfony\\Component\\HttpKernel\\Controller\\ArgumentResolver\\ServiceValueResolver',
  20 => 'Symfony\\Component\\HttpKernel\\Controller\\ArgumentResolver\\SessionValueResolver',
  21 => 'Symfony\\Component\\HttpKernel\\Controller\\ArgumentResolver\\TraceableValueResolver',
  22 => 'Symfony\\Component\\HttpKernel\\Controller\\ArgumentResolver\\VariadicValueResolver',
  23 => 'Symfony\\Component\\HttpKernel\\Controller\\ArgumentValueResolverInterface',
  24 => 'Symfony\\Component\\HttpKernel\\Controller\\ContainerControllerResolver',
  25 => 'Symfony\\Component\\HttpKernel\\Controller\\ControllerReference',
  26 => 'Symfony\\Component\\HttpKernel\\Controller\\ControllerResolver',
  27 => 'Symfony\\Component\\HttpKernel\\Controller\\ControllerResolverInterface',
  28 => 'Symfony\\Component\\HttpKernel\\Controller\\ErrorController',
  29 => 'Symfony\\Component\\HttpKernel\\Controller\\TraceableArgumentResolver',
  30 => 'Symfony\\Component\\HttpKernel\\Controller\\TraceableControllerResolver',
);